[{"stream_name":"stderr","time":6.070077742,"data":"0.00s - Debugger warning: It seems that frozen modules are being used, which may\n"}
,{"stream_name":"stderr","time":6.07015817,"data":"0.00s - make the debugger miss breakpoints. Please pass -Xfrozen_modules=off\n"}
,{"stream_name":"stderr","time":6.070164456,"data":"0.00s - to python to disable frozen modules.\n"}
,{"stream_name":"stderr","time":6.070168168,"data":"0.00s - Note: Debugging will proceed. Set PYDEVD_DISABLE_FILE_VALIDATION=1 to disable this validation.\n"}
,{"stream_name":"stderr","time":6.635028437,"data":"0.00s - Debugger warning: It seems that frozen modules are being used, which may\n"}
,{"stream_name":"stderr","time":6.635069478,"data":"0.00s - make the debugger miss breakpoints. Please pass -Xfrozen_modules=off\n"}
,{"stream_name":"stderr","time":6.635075505,"data":"0.00s - to python to disable frozen modules.\n"}
,{"stream_name":"stderr","time":6.635079951,"data":"0.00s - Note: Debugging will proceed. Set PYDEVD_DISABLE_FILE_VALIDATION=1 to disable this validation.\n"}
,{"stream_name":"stderr","time":15.94908864,"data":"Traceback (most recent call last):\n"}
,{"stream_name":"stderr","time":15.949132856,"data":"  File \"\u003cstring\u003e\", line 1, in \u003cmodule\u003e\n"}
,{"stream_name":"stderr","time":15.949140637,"data":"  File \"/usr/local/lib/python3.12/dist-packages/papermill/execute.py\", line 131, in execute_notebook\n"}
,{"stream_name":"stderr","time":15.94923825,"data":"    raise_for_execution_errors(nb, output_path)\n"}
,{"stream_name":"stderr","time":15.949248465,"data":"  File \"/usr/local/lib/python3.12/dist-packages/papermill/execute.py\", line 251, in raise_for_execution_errors\n"}
,{"stream_name":"stderr","time":15.949442209,"data":"    raise error\n"}
,{"stream_name":"stderr","time":15.949544445,"data":"papermill.exceptions.PapermillExecutionError: \n"}
,{"stream_name":"stderr","time":15.949555734,"data":"---------------------------------------------------------------------------\n"}
,{"stream_name":"stderr","time":15.949560733,"data":"Exception encountered at \"In [1]\":\n"}
,{"stream_name":"stderr","time":15.949565212,"data":"---------------------------------------------------------------------------\n"}
,{"stream_name":"stderr","time":15.949569671999999,"data":"FileNotFoundError                         Traceback (most recent call last)\n"}
,{"stream_name":"stderr","time":15.949574085,"data":"/tmp/ipykernel_22/3471338359.py in \u003ccell line: 0\u003e()\n"}
,{"stream_name":"stderr","time":15.949578731,"data":"     23 \n"}
,{"stream_name":"stderr","time":15.949583172,"data":"     24 if not DATA_ROOT.exists():\n"}
,{"stream_name":"stderr","time":15.949587537,"data":"---\u003e 25     raise FileNotFoundError(\n"}
,{"stream_name":"stderr","time":15.94959192,"data":"     26         f\"Competition data not found at {KAGGLE_DATA} or {LOCAL_DATA.resolve()}\"\n"}
,{"stream_name":"stderr","time":15.949598375,"data":"     27     )\n"}
,{"stream_name":"stderr","time":15.949636572,"data":"\n"}
,{"stream_name":"stderr","time":15.949641974,"data":"FileNotFoundError: Competition data not found at /kaggle/input/home-credit-credit-risk-model-stability or /kaggle/working/datasets/raw/home-credit-model-stability\n"}
,{"stream_name":"stderr","time":15.949646944,"data":"\n"}
,{"stream_name":"stderr","time":17.931774533,"data":"/usr/local/lib/python3.12/dist-packages/mistune.py:435: SyntaxWarning: invalid escape sequence '\\|'\n"}
,{"stream_name":"stderr","time":17.931804203,"data":"  cells[i][c] = re.sub('\\\\\\\\\\|', '|', cell)\n"}
,{"stream_name":"stderr","time":18.074791065,"data":"/usr/local/lib/python3.12/dist-packages/nbconvert/filters/filter_links.py:36: SyntaxWarning: invalid escape sequence '\\_'\n"}
,{"stream_name":"stderr","time":18.074824575,"data":"  text = re.sub(r'_', '\\_', text) # Escape underscores in display text\n"}
,{"stream_name":"stderr","time":18.690432086,"data":"[NbConvertApp] Converting notebook __notebook__.ipynb to notebook\n"}
,{"stream_name":"stderr","time":18.980413532,"data":"[NbConvertApp] Writing 22217 bytes to __notebook__.ipynb\n"}
,{"stream_name":"stderr","time":21.34274126,"data":"[NbConvertApp] Converting notebook __notebook__.ipynb to html\n"}
,{"stream_name":"stderr","time":22.171484589,"data":"[NbConvertApp] Writing 347677 bytes to __results__.html\n"}
]